Archive member included because of file (symbol)

persistent/libtivgm2.a(CPlayerTISfx.o)
                              bank1/catch.o (SfxLoop)
persistent/libtivgm2.a(CPlayerTIHandEdit.o)
                              bank1/catch.o (SongLoop)
persistent/libtivgm2.a(CPlayerTIHandlers.o)
                              bank1/catch.o (songNote)
persistent/libtivgm2.a(CPlayerTISfxHandlers.o)
                              persistent/libtivgm2.a(CPlayerTISfx.o) (sfxActive)
persistent/libtivgm2.a(CPlayerCommonHandEdit.o)
                              persistent/libtivgm2.a(CPlayerTISfx.o) (getCompressedByte)

Memory Configuration

Name             Origin             Length             Attributes
cart_rom         0x0000000000004000 0x0000000000002000 xr
lower_exp        0x0000000000002000 0x0000000000001f00 xw
higher_exp       0x000000000000a000 0x0000000000006000 xw
scratchpad       0x0000000000008342 0x00000000000000bd xw
*default*        0x0000000000000000 0xffffffffffffffff

Linker script and memory map

                0x0000000000004000                . = 0x4000

.header0        0x0000000000004000       0x26
 bank0/cart_header.o(.text)
 .text          0x0000000000004000       0x26 bank0/cart_header.o
                0x0000000000004026                _persistent_src = (0x4000 + SIZEOF (.header0))

.persistent     0x0000000000002000     0x115c load address 0x0000000000004026
                0x0000000000002000                _persistent = .
 persistent/*.a:*(.text)
 .text          0x0000000000002000      0x10c persistent/libtivgm2.a(CPlayerTISfx.o)
                0x0000000000002000                SfxLoop
 .text          0x000000000000210c      0x114 persistent/libtivgm2.a(CPlayerTIHandEdit.o)
                0x000000000000210c                SongLoop
 .text          0x0000000000002220       0x6a persistent/libtivgm2.a(CPlayerTIHandlers.o)
                0x0000000000002220                StartSong
                0x0000000000002282                StopSong
 .text          0x000000000000228a       0xa6 persistent/libtivgm2.a(CPlayerTISfxHandlers.o)
                0x00000000000022e4                StopSfx
                0x000000000000228a                StartSfx
 .text          0x0000000000002330      0x15c persistent/libtivgm2.a(CPlayerCommonHandEdit.o)
                0x0000000000002352                getDatRLE
                0x000000000000238c                getCompressedByte
                0x000000000000234a                getDatInline
                0x000000000000237a                getDatRLE24
                0x000000000000236a                getDatRLE16
                0x0000000000002358                getDatRLE32
                0x0000000000002488                getDatZero
 persistent/*.o(.text)
 .text          0x000000000000248c      0x692 persistent/game_common.o
                0x000000000000256c                printstr
                0x00000000000024ac                scroll_status_text
                0x0000000000002838                put_4x4_sprite_offset
                0x000000000000269a                do_scrolling_text
                0x00000000000028d6                increase_pk
                0x000000000000259e                printnum
                0x000000000000254a                pk_penalty
                0x0000000000002ae2                progression_table
                0x00000000000024e6                check_progression
                0x0000000000002796                render_sprites
                0x0000000000002864                haunt_buildings
 .text          0x0000000000002b1e       0x3c persistent/input.o
                0x0000000000002b1e                read_joyst
                0x0000000000002b38                read_spacebar
 .text          0x0000000000002b5a      0x114 persistent/resource_copy.o
                0x0000000000002be4                rom_to_vram
                0x0000000000002b5a                rom_to_ram
 .text          0x0000000000002c6e      0x15a persistent/rnd.o
                0x0000000000002c94                fast_rnd
                0x0000000000002db8                roamer_homes
                0x0000000000002c6e                rnd
                0x0000000000002cb8                rnd_values
 .text          0x0000000000002dc8       0xbc persistent/sample_playback.o
                0x0000000000002dc8                play_sample
 .text          0x0000000000002e84      0x1f8 persistent/trampolines.o
                0x0000000000002ffc                do_catch_screen
                0x000000000000303c                do_title_screen
                0x0000000000002fbc                do_drive_screen
                0x0000000000002ebc                do_boss_battle_screen
                0x0000000000002ea6                strlength
                0x0000000000002e84                breakpoint
                0x0000000000002e86                init_data_section
                0x0000000000002efc                do_map_screen
                0x0000000000002f3c                show_image
                0x0000000000002f7c                fade
 .text          0x000000000000307c       0xc0 persistent/vdp.o
                0x000000000000307c                vdpwaitvint
                0x0000000000003098                vdpmemcpy
                0x00000000000030fe                vdpwriteinc
                0x0000000000003128                vdpgetch
                0x00000000000030e2                vdpchar
                0x00000000000030bc                vdpmemset
 .text          0x000000000000313c       0x20 persistent/utils.o
                0x000000000000313c                memcpy
                0x0000000000003152                isr_hook
                0x0000000000003144                memset
                0x000000000000314c                abs
                0x000000000000315c                _persistent_end = .

.bank0          0x0000000000005182      0x6c6
                0x0000000000005182                _text = .
 bank0/*.o(.text)
 .text          0x0000000000005182      0x14e bank0/crt0.o
                0x0000000000005182                detect_32k
                0x000000000000527e                _start
 .text          0x00000000000052d0        0x0 bank0/globals.o
 .text          0x00000000000052d0      0x578 bank0/main.o
                0x000000000000569c                detect_f18a
                0x00000000000052d0                init_buildings
                0x0000000000005598                init_roamers
                0x0000000000005738                main
                0x0000000000005848                _text_end = .
                0x0000000000005848                _scratchpad_src = .

.scratchpad     0x0000000000008342       0x34 load address 0x0000000000005848
                0x0000000000008342                _scratchpad = .
 scratchpad/*.o(.text)
 .text          0x0000000000008342       0x34 scratchpad/vdpmemcpy_16.o
                0x0000000000008342                vdpmemcpy_16
 .text          0x0000000000008376        0x0 scratchpad/vdpmemcpy_line.o
                0x0000000000008376                _scratchpad_end = .

.header1        0x0000000000004000       0x26 load address 0x0000000000006000
 bank1/cart_header.o(.text)
 .text          0x0000000000004000       0x26 bank1/cart_header.o

.bank1          0x0000000000004026     0x1b7c load address 0x0000000000006026
 bank1/*.o(.text)
 .text          0x0000000000004026     0x15b4 bank1/catch.o
                0x0000000000004436                drop_trap
                0x0000000000004052                crossed_streams
                0x0000000000004026                quantize_trap_location
                0x000000000000407e                victory_jump
                0x0000000000004664                put_man
                0x0000000000004b46                load_background
                0x0000000000004d6c                _do_catch_screen
                0x00000000000040d6                move_ghost
 .text          0x00000000000055da      0x150 bank1/show_image.o
                0x00000000000055da                load_image
                0x00000000000056da                _show_image
 .text          0x000000000000572a      0x478 bank1/title.o
                0x000000000000579a                animate_string
                0x0000000000005a56                _fade
                0x000000000000572a                scroll_intro_text
                0x00000000000058ba                _do_title_screen
                0x00000000000057f0                load_title

.header2        0x0000000000004000       0x26 load address 0x0000000000008000
 bank2/cart_header.o(.text)
 .text          0x0000000000004000       0x26 bank2/cart_header.o

.bank2          0x0000000000004026      0xda0 load address 0x0000000000008026
 bank2/*.o(.text)
 .text          0x0000000000004026      0xda0 bank2/drive.o
                0x000000000000451e                init_nametable
                0x000000000000475e                scroll_right
                0x000000000000423e                put_roamers
                0x00000000000043f0                load_map_by_row
                0x0000000000004a22                scroll
                0x0000000000004026                put_roadmarkings
                0x0000000000004a3c                drive_loop
                0x00000000000045e2                init_drive_section
                0x0000000000004448                init_level_graphics
                0x00000000000048c2                scroll_left
                0x0000000000004da6                _do_drive_screen

.header3        0x0000000000004000       0x26 load address 0x000000000000a000
 bank3/cart_header.o(.text)
 .text          0x0000000000004000       0x26 bank3/cart_header.o

.bank3          0x0000000000004026      0xe88 load address 0x000000000000a026
 bank3/*.o(.text)
 .text          0x0000000000004026      0x1b6 bank3/boss_battle.o
                0x00000000000041b0                _do_boss_battle_screen
                0x00000000000040d4                load_boss_battle_screen
                0x0000000000004026                animate_background
 .text          0x00000000000041dc      0xcd2 bank3/map.o
                0x000000000000448e                calculate_distance
                0x000000000000453c                check_collisions
                0x00000000000045aa                colorize_building
                0x00000000000047f6                lay_dot
                0x00000000000049ea                _do_map_screen
                0x000000000000484e                load_map
                0x0000000000004226                do_player_movement
                0x00000000000041dc                is_horizontal_street
                0x0000000000004766                destroy_building
                0x00000000000041fe                is_vertical_street
                0x00000000000046f8                blink_buildings
                0x0000000000004530                goto_building

.header4        0x0000000000004000       0x26 load address 0x000000000000c000
 bank4/cart_header.o(.text)
 .text          0x0000000000004000       0x26 bank4/cart_header.o

.bank4
 bank4/*.o(.text)

.data           0x000000000000a000      0x274 load address 0x000000000000e000
                0x000000000000a000                _data = .
 persistent/*.a:*(songDatVars)
 songDatVars    0x000000000000a000       0x58 persistent/libtivgm2.a(CPlayerTIHandlers.o)
                0x000000000000a04c                songNote
                0x000000000000a056                retSave
                0x000000000000a048                songVol
                0x000000000000a000                strDat
                0x000000000000a054                workBuf
 persistent/*.a:*(sfxDatVars)
 sfxDatVars     0x000000000000a058       0x4e persistent/libtivgm2.a(CPlayerTISfxHandlers.o)
                0x000000000000a0a4                sfxSave
                0x000000000000a058                sfxDat
                0x000000000000a0a0                sfxActive
                0x000000000000a0a2                sfxWorkBuf
 persistent/*.a:*(.data)
 .data          0x000000000000a0a6        0x0 persistent/libtivgm2.a(CPlayerTISfx.o)
 .data          0x000000000000a0a6        0x0 persistent/libtivgm2.a(CPlayerTIHandEdit.o)
 .data          0x000000000000a0a6        0x0 persistent/libtivgm2.a(CPlayerTIHandlers.o)
 .data          0x000000000000a0a6        0x0 persistent/libtivgm2.a(CPlayerTISfxHandlers.o)
 .data          0x000000000000a0a6        0x0 persistent/libtivgm2.a(CPlayerCommonHandEdit.o)
 persistent/*.o(.data)
 .data          0x000000000000a0a6        0x8 persistent/game_common.o
                0x000000000000a0aa                traps_msg
                0x000000000000a0ac                next_threshold
                0x000000000000a0a6                battery_msg
                0x000000000000a0a8                men_msg
 .data          0x000000000000a0ae        0x0 persistent/input.o
 .data          0x000000000000a0ae        0x0 persistent/resource_copy.o
 .data          0x000000000000a0ae        0x2 persistent/rnd.o
 .data          0x000000000000a0b0        0x0 persistent/sample_playback.o
 .data          0x000000000000a0b0        0x0 persistent/trampolines.o
 .data          0x000000000000a0b0        0x0 persistent/vdp.o
 .data          0x000000000000a0b0        0x0 persistent/utils.o
 bank0/*.o(.data)
 .data          0x000000000000a0b0        0x0 bank0/cart_header.o
 .data          0x000000000000a0b0        0x0 bank0/crt0.o
 .data          0x000000000000a0b0        0xc bank0/globals.o
                0x000000000000a0b0                bankbase
                0x000000000000a0b2                sitregisters
                0x000000000000a0b6                sitlocations
 .data          0x000000000000a0bc        0x0 bank0/main.o
 bank1/*.o(.data)
 .data          0x000000000000a0bc        0x0 bank1/cart_header.o
 .data          0x000000000000a0bc       0xb4 bank1/catch.o
                0x000000000000a160                colors
                0x000000000000a148                pl_patts_l
                0x000000000000a146                counter
                0x000000000000a144                right_man
                0x000000000000a0bc                crossed_msg
                0x000000000000a154                pl_patts_r
                0x000000000000a142                left_man
 .data          0x000000000000a170        0x0 bank1/show_image.o
 .data          0x000000000000a170        0x0 bank1/title.o
 bank2/*.o(.data)
 .data          0x000000000000a170        0x0 bank2/cart_header.o
 .data          0x000000000000a170        0x0 bank2/drive.o
 bank3/*.o(.data)
 .data          0x000000000000a170        0x0 bank3/cart_header.o
 .data          0x000000000000a170      0x104 bank3/boss_battle.o
                0x000000000000a170                frame_addresses
 .data          0x000000000000a274        0x0 bank3/map.o
                0x000000000000a274                _data_end = .
 .data          0x000000000000a274        0x0 bank4/cart_header.o
 .data          0x000000000000a274        0x0 bankx/cart_header.o
 .data          0x000000000000a274        0x0 scratchpad/vdpmemcpy_16.o
 .data          0x000000000000a274        0x0 scratchpad/vdpmemcpy_line.o

.binary         0x0000000000000000    0x4f7bc load address 0x0000000000010000
 resources/*.o(.data)
 .data          0x0000000000000000      0x5b0 resources/boss_battle_anim01_colors.o
                0x00000000000005b0                _binary_resources_boss_battle_anim01_colors_dat_end
                0x0000000000000000                _binary_resources_boss_battle_anim01_colors_dat_start
 .data          0x00000000000005b0      0x5b0 resources/boss_battle_anim01_patterns.o
                0x00000000000005b0                _binary_resources_boss_battle_anim01_patterns_dat_start
                0x0000000000000b60                _binary_resources_boss_battle_anim01_patterns_dat_end
 .data          0x0000000000000b60      0x5b0 resources/boss_battle_anim02_colors.o
                0x0000000000000b60                _binary_resources_boss_battle_anim02_colors_dat_start
                0x0000000000001110                _binary_resources_boss_battle_anim02_colors_dat_end
 .data          0x0000000000001110      0x5b0 resources/boss_battle_anim02_patterns.o
                0x0000000000001110                _binary_resources_boss_battle_anim02_patterns_dat_start
                0x00000000000016c0                _binary_resources_boss_battle_anim02_patterns_dat_end
 .data          0x00000000000016c0      0x5b0 resources/boss_battle_anim03_colors.o
                0x00000000000016c0                _binary_resources_boss_battle_anim03_colors_dat_start
                0x0000000000001c70                _binary_resources_boss_battle_anim03_colors_dat_end
 .data          0x0000000000001c70      0x5b0 resources/boss_battle_anim03_patterns.o
                0x0000000000002220                _binary_resources_boss_battle_anim03_patterns_dat_end
                0x0000000000001c70                _binary_resources_boss_battle_anim03_patterns_dat_start
 .data          0x0000000000002220      0x5b0 resources/boss_battle_anim04_colors.o
                0x0000000000002220                _binary_resources_boss_battle_anim04_colors_dat_start
                0x00000000000027d0                _binary_resources_boss_battle_anim04_colors_dat_end
 .data          0x00000000000027d0      0x5b0 resources/boss_battle_anim04_patterns.o
                0x0000000000002d80                _binary_resources_boss_battle_anim04_patterns_dat_end
                0x00000000000027d0                _binary_resources_boss_battle_anim04_patterns_dat_start
 .data          0x0000000000002d80      0x5b0 resources/boss_battle_anim05_colors.o
                0x0000000000002d80                _binary_resources_boss_battle_anim05_colors_dat_start
                0x0000000000003330                _binary_resources_boss_battle_anim05_colors_dat_end
 .data          0x0000000000003330      0x5b0 resources/boss_battle_anim05_patterns.o
                0x0000000000003330                _binary_resources_boss_battle_anim05_patterns_dat_start
                0x00000000000038e0                _binary_resources_boss_battle_anim05_patterns_dat_end
 .data          0x00000000000038e0      0x5b0 resources/boss_battle_anim06_colors.o
                0x00000000000038e0                _binary_resources_boss_battle_anim06_colors_dat_start
                0x0000000000003e90                _binary_resources_boss_battle_anim06_colors_dat_end
 .data          0x0000000000003e90      0x5b0 resources/boss_battle_anim06_patterns.o
                0x0000000000004440                _binary_resources_boss_battle_anim06_patterns_dat_end
                0x0000000000003e90                _binary_resources_boss_battle_anim06_patterns_dat_start
 .data          0x0000000000004440      0x5b0 resources/boss_battle_anim07_colors.o
                0x0000000000004440                _binary_resources_boss_battle_anim07_colors_dat_start
                0x00000000000049f0                _binary_resources_boss_battle_anim07_colors_dat_end
 .data          0x00000000000049f0      0x5b0 resources/boss_battle_anim07_patterns.o
                0x00000000000049f0                _binary_resources_boss_battle_anim07_patterns_dat_start
                0x0000000000004fa0                _binary_resources_boss_battle_anim07_patterns_dat_end
 .data          0x0000000000004fa0      0x5b0 resources/boss_battle_anim08_colors.o
                0x0000000000005550                _binary_resources_boss_battle_anim08_colors_dat_end
                0x0000000000004fa0                _binary_resources_boss_battle_anim08_colors_dat_start
 .data          0x0000000000005550      0x5b0 resources/boss_battle_anim08_patterns.o
                0x0000000000005550                _binary_resources_boss_battle_anim08_patterns_dat_start
                0x0000000000005b00                _binary_resources_boss_battle_anim08_patterns_dat_end
 .data          0x0000000000005b00      0x5b0 resources/boss_battle_anim09_colors.o
                0x00000000000060b0                _binary_resources_boss_battle_anim09_colors_dat_end
                0x0000000000005b00                _binary_resources_boss_battle_anim09_colors_dat_start
 .data          0x00000000000060b0      0x5b0 resources/boss_battle_anim09_patterns.o
                0x00000000000060b0                _binary_resources_boss_battle_anim09_patterns_dat_start
                0x0000000000006660                _binary_resources_boss_battle_anim09_patterns_dat_end
 .data          0x0000000000006660      0x5b0 resources/boss_battle_anim10_colors.o
                0x0000000000006c10                _binary_resources_boss_battle_anim10_colors_dat_end
                0x0000000000006660                _binary_resources_boss_battle_anim10_colors_dat_start
 .data          0x0000000000006c10      0x5b0 resources/boss_battle_anim10_patterns.o
                0x00000000000071c0                _binary_resources_boss_battle_anim10_patterns_dat_end
                0x0000000000006c10                _binary_resources_boss_battle_anim10_patterns_dat_start
 .data          0x00000000000071c0      0x5b0 resources/boss_battle_anim11_colors.o
                0x0000000000007770                _binary_resources_boss_battle_anim11_colors_dat_end
                0x00000000000071c0                _binary_resources_boss_battle_anim11_colors_dat_start
 .data          0x0000000000007770      0x5b0 resources/boss_battle_anim11_patterns.o
                0x0000000000007d20                _binary_resources_boss_battle_anim11_patterns_dat_end
                0x0000000000007770                _binary_resources_boss_battle_anim11_patterns_dat_start
 .data          0x0000000000007d20      0x5b0 resources/boss_battle_anim12_colors.o
                0x00000000000082d0                _binary_resources_boss_battle_anim12_colors_dat_end
                0x0000000000007d20                _binary_resources_boss_battle_anim12_colors_dat_start
 .data          0x00000000000082d0      0x5b0 resources/boss_battle_anim12_patterns.o
                0x00000000000082d0                _binary_resources_boss_battle_anim12_patterns_dat_start
                0x0000000000008880                _binary_resources_boss_battle_anim12_patterns_dat_end
 .data          0x0000000000008880      0x5b0 resources/boss_battle_anim13_colors.o
                0x0000000000008880                _binary_resources_boss_battle_anim13_colors_dat_start
                0x0000000000008e30                _binary_resources_boss_battle_anim13_colors_dat_end
 .data          0x0000000000008e30      0x5b0 resources/boss_battle_anim13_patterns.o
                0x00000000000093e0                _binary_resources_boss_battle_anim13_patterns_dat_end
                0x0000000000008e30                _binary_resources_boss_battle_anim13_patterns_dat_start
 .data          0x00000000000093e0      0x5b0 resources/boss_battle_anim14_colors.o
                0x0000000000009990                _binary_resources_boss_battle_anim14_colors_dat_end
                0x00000000000093e0                _binary_resources_boss_battle_anim14_colors_dat_start
 .data          0x0000000000009990      0x5b0 resources/boss_battle_anim14_patterns.o
                0x0000000000009f40                _binary_resources_boss_battle_anim14_patterns_dat_end
                0x0000000000009990                _binary_resources_boss_battle_anim14_patterns_dat_start
 .data          0x0000000000009f40      0x5b0 resources/boss_battle_anim15_colors.o
                0x0000000000009f40                _binary_resources_boss_battle_anim15_colors_dat_start
                0x000000000000a4f0                _binary_resources_boss_battle_anim15_colors_dat_end
 .data          0x000000000000a4f0      0x5b0 resources/boss_battle_anim15_patterns.o
                0x000000000000aaa0                _binary_resources_boss_battle_anim15_patterns_dat_end
                0x000000000000a4f0                _binary_resources_boss_battle_anim15_patterns_dat_start
 .data          0x000000000000aaa0      0x5b0 resources/boss_battle_anim16_colors.o
                0x000000000000b050                _binary_resources_boss_battle_anim16_colors_dat_end
                0x000000000000aaa0                _binary_resources_boss_battle_anim16_colors_dat_start
 .data          0x000000000000b050      0x5b0 resources/boss_battle_anim16_patterns.o
                0x000000000000b050                _binary_resources_boss_battle_anim16_patterns_dat_start
                0x000000000000b600                _binary_resources_boss_battle_anim16_patterns_dat_end
 .data          0x000000000000b600      0x5b0 resources/boss_battle_anim17_colors.o
                0x000000000000b600                _binary_resources_boss_battle_anim17_colors_dat_start
                0x000000000000bbb0                _binary_resources_boss_battle_anim17_colors_dat_end
 .data          0x000000000000bbb0      0x5b0 resources/boss_battle_anim17_patterns.o
                0x000000000000bbb0                _binary_resources_boss_battle_anim17_patterns_dat_start
                0x000000000000c160                _binary_resources_boss_battle_anim17_patterns_dat_end
 .data          0x000000000000c160      0x5b0 resources/boss_battle_anim18_colors.o
                0x000000000000c160                _binary_resources_boss_battle_anim18_colors_dat_start
                0x000000000000c710                _binary_resources_boss_battle_anim18_colors_dat_end
 .data          0x000000000000c710      0x5b0 resources/boss_battle_anim18_patterns.o
                0x000000000000ccc0                _binary_resources_boss_battle_anim18_patterns_dat_end
                0x000000000000c710                _binary_resources_boss_battle_anim18_patterns_dat_start
 .data          0x000000000000ccc0      0x5b0 resources/boss_battle_anim19_colors.o
                0x000000000000ccc0                _binary_resources_boss_battle_anim19_colors_dat_start
                0x000000000000d270                _binary_resources_boss_battle_anim19_colors_dat_end
 .data          0x000000000000d270      0x5b0 resources/boss_battle_anim19_patterns.o
                0x000000000000d270                _binary_resources_boss_battle_anim19_patterns_dat_start
                0x000000000000d820                _binary_resources_boss_battle_anim19_patterns_dat_end
 .data          0x000000000000d820      0x5b0 resources/boss_battle_anim20_colors.o
                0x000000000000ddd0                _binary_resources_boss_battle_anim20_colors_dat_end
                0x000000000000d820                _binary_resources_boss_battle_anim20_colors_dat_start
 .data          0x000000000000ddd0      0x5b0 resources/boss_battle_anim20_patterns.o
                0x000000000000e380                _binary_resources_boss_battle_anim20_patterns_dat_end
                0x000000000000ddd0                _binary_resources_boss_battle_anim20_patterns_dat_start
 .data          0x000000000000e380      0x5b0 resources/boss_battle_anim21_colors.o
                0x000000000000e380                _binary_resources_boss_battle_anim21_colors_dat_start
                0x000000000000e930                _binary_resources_boss_battle_anim21_colors_dat_end
 .data          0x000000000000e930      0x5b0 resources/boss_battle_anim21_patterns.o
                0x000000000000eee0                _binary_resources_boss_battle_anim21_patterns_dat_end
                0x000000000000e930                _binary_resources_boss_battle_anim21_patterns_dat_start
 .data          0x000000000000eee0      0x5b0 resources/boss_battle_anim22_colors.o
                0x000000000000eee0                _binary_resources_boss_battle_anim22_colors_dat_start
                0x000000000000f490                _binary_resources_boss_battle_anim22_colors_dat_end
 .data          0x000000000000f490      0x5b0 resources/boss_battle_anim22_patterns.o
                0x000000000000f490                _binary_resources_boss_battle_anim22_patterns_dat_start
                0x000000000000fa40                _binary_resources_boss_battle_anim22_patterns_dat_end
 .data          0x000000000000fa40      0x5b0 resources/boss_battle_anim23_colors.o
                0x000000000000fa40                _binary_resources_boss_battle_anim23_colors_dat_start
                0x000000000000fff0                _binary_resources_boss_battle_anim23_colors_dat_end
 .data          0x000000000000fff0      0x5b0 resources/boss_battle_anim23_patterns.o
                0x00000000000105a0                _binary_resources_boss_battle_anim23_patterns_dat_end
                0x000000000000fff0                _binary_resources_boss_battle_anim23_patterns_dat_start
 .data          0x00000000000105a0      0x5b0 resources/boss_battle_anim24_colors.o
                0x00000000000105a0                _binary_resources_boss_battle_anim24_colors_dat_start
                0x0000000000010b50                _binary_resources_boss_battle_anim24_colors_dat_end
 .data          0x0000000000010b50      0x5b0 resources/boss_battle_anim24_patterns.o
                0x0000000000010b50                _binary_resources_boss_battle_anim24_patterns_dat_start
                0x0000000000011100                _binary_resources_boss_battle_anim24_patterns_dat_end
 .data          0x0000000000011100      0x5b0 resources/boss_battle_anim25_colors.o
                0x00000000000116b0                _binary_resources_boss_battle_anim25_colors_dat_end
                0x0000000000011100                _binary_resources_boss_battle_anim25_colors_dat_start
 .data          0x00000000000116b0      0x5b0 resources/boss_battle_anim25_patterns.o
                0x00000000000116b0                _binary_resources_boss_battle_anim25_patterns_dat_start
                0x0000000000011c60                _binary_resources_boss_battle_anim25_patterns_dat_end
 .data          0x0000000000011c60      0x5b0 resources/boss_battle_anim26_colors.o
                0x0000000000011c60                _binary_resources_boss_battle_anim26_colors_dat_start
                0x0000000000012210                _binary_resources_boss_battle_anim26_colors_dat_end
 .data          0x0000000000012210      0x5b0 resources/boss_battle_anim26_patterns.o
                0x0000000000012210                _binary_resources_boss_battle_anim26_patterns_dat_start
                0x00000000000127c0                _binary_resources_boss_battle_anim26_patterns_dat_end
 .data          0x00000000000127c0      0x5b0 resources/boss_battle_anim27_colors.o
                0x00000000000127c0                _binary_resources_boss_battle_anim27_colors_dat_start
                0x0000000000012d70                _binary_resources_boss_battle_anim27_colors_dat_end
 .data          0x0000000000012d70      0x5b0 resources/boss_battle_anim27_patterns.o
                0x0000000000012d70                _binary_resources_boss_battle_anim27_patterns_dat_start
                0x0000000000013320                _binary_resources_boss_battle_anim27_patterns_dat_end
 .data          0x0000000000013320      0x5b0 resources/boss_battle_anim28_colors.o
                0x0000000000013320                _binary_resources_boss_battle_anim28_colors_dat_start
                0x00000000000138d0                _binary_resources_boss_battle_anim28_colors_dat_end
 .data          0x00000000000138d0      0x5b0 resources/boss_battle_anim28_patterns.o
                0x0000000000013e80                _binary_resources_boss_battle_anim28_patterns_dat_end
                0x00000000000138d0                _binary_resources_boss_battle_anim28_patterns_dat_start
 .data          0x0000000000013e80      0x5b0 resources/boss_battle_anim29_colors.o
                0x0000000000013e80                _binary_resources_boss_battle_anim29_colors_dat_start
                0x0000000000014430                _binary_resources_boss_battle_anim29_colors_dat_end
 .data          0x0000000000014430      0x5b0 resources/boss_battle_anim29_patterns.o
                0x0000000000014430                _binary_resources_boss_battle_anim29_patterns_dat_start
                0x00000000000149e0                _binary_resources_boss_battle_anim29_patterns_dat_end
 .data          0x00000000000149e0      0x5b0 resources/boss_battle_anim30_colors.o
                0x00000000000149e0                _binary_resources_boss_battle_anim30_colors_dat_start
                0x0000000000014f90                _binary_resources_boss_battle_anim30_colors_dat_end
 .data          0x0000000000014f90      0x5b0 resources/boss_battle_anim30_patterns.o
                0x0000000000015540                _binary_resources_boss_battle_anim30_patterns_dat_end
                0x0000000000014f90                _binary_resources_boss_battle_anim30_patterns_dat_start
 .data          0x0000000000015540      0x5b0 resources/boss_battle_anim31_colors.o
                0x0000000000015540                _binary_resources_boss_battle_anim31_colors_dat_start
                0x0000000000015af0                _binary_resources_boss_battle_anim31_colors_dat_end
 .data          0x0000000000015af0      0x5b0 resources/boss_battle_anim31_patterns.o
                0x00000000000160a0                _binary_resources_boss_battle_anim31_patterns_dat_end
                0x0000000000015af0                _binary_resources_boss_battle_anim31_patterns_dat_start
 .data          0x00000000000160a0      0x5b0 resources/boss_battle_anim32_colors.o
                0x0000000000016650                _binary_resources_boss_battle_anim32_colors_dat_end
                0x00000000000160a0                _binary_resources_boss_battle_anim32_colors_dat_start
 .data          0x0000000000016650      0x5b0 resources/boss_battle_anim32_patterns.o
                0x0000000000016650                _binary_resources_boss_battle_anim32_patterns_dat_start
                0x0000000000016c00                _binary_resources_boss_battle_anim32_patterns_dat_end
 .data          0x0000000000016c00      0x5b0 resources/boss_battle_anim33_colors.o
                0x00000000000171b0                _binary_resources_boss_battle_anim33_colors_dat_end
                0x0000000000016c00                _binary_resources_boss_battle_anim33_colors_dat_start
 .data          0x00000000000171b0      0x5b0 resources/boss_battle_anim33_patterns.o
                0x00000000000171b0                _binary_resources_boss_battle_anim33_patterns_dat_start
                0x0000000000017760                _binary_resources_boss_battle_anim33_patterns_dat_end
 .data          0x0000000000017760      0x5b0 resources/boss_battle_anim34_colors.o
                0x0000000000017d10                _binary_resources_boss_battle_anim34_colors_dat_end
                0x0000000000017760                _binary_resources_boss_battle_anim34_colors_dat_start
 .data          0x0000000000017d10      0x5b0 resources/boss_battle_anim34_patterns.o
                0x00000000000182c0                _binary_resources_boss_battle_anim34_patterns_dat_end
                0x0000000000017d10                _binary_resources_boss_battle_anim34_patterns_dat_start
 .data          0x00000000000182c0      0x5b0 resources/boss_battle_anim35_colors.o
                0x00000000000182c0                _binary_resources_boss_battle_anim35_colors_dat_start
                0x0000000000018870                _binary_resources_boss_battle_anim35_colors_dat_end
 .data          0x0000000000018870      0x5b0 resources/boss_battle_anim35_patterns.o
                0x0000000000018870                _binary_resources_boss_battle_anim35_patterns_dat_start
                0x0000000000018e20                _binary_resources_boss_battle_anim35_patterns_dat_end
 .data          0x0000000000018e20      0x5b0 resources/boss_battle_anim36_colors.o
                0x0000000000018e20                _binary_resources_boss_battle_anim36_colors_dat_start
                0x00000000000193d0                _binary_resources_boss_battle_anim36_colors_dat_end
 .data          0x00000000000193d0      0x5b0 resources/boss_battle_anim36_patterns.o
                0x00000000000193d0                _binary_resources_boss_battle_anim36_patterns_dat_start
                0x0000000000019980                _binary_resources_boss_battle_anim36_patterns_dat_end
 .data          0x0000000000019980      0x5b0 resources/boss_battle_anim37_colors.o
                0x0000000000019980                _binary_resources_boss_battle_anim37_colors_dat_start
                0x0000000000019f30                _binary_resources_boss_battle_anim37_colors_dat_end
 .data          0x0000000000019f30      0x5b0 resources/boss_battle_anim37_patterns.o
                0x000000000001a4e0                _binary_resources_boss_battle_anim37_patterns_dat_end
                0x0000000000019f30                _binary_resources_boss_battle_anim37_patterns_dat_start
 .data          0x000000000001a4e0      0x5b0 resources/boss_battle_anim38_colors.o
                0x000000000001a4e0                _binary_resources_boss_battle_anim38_colors_dat_start
                0x000000000001aa90                _binary_resources_boss_battle_anim38_colors_dat_end
 .data          0x000000000001aa90      0x5b0 resources/boss_battle_anim38_patterns.o
                0x000000000001aa90                _binary_resources_boss_battle_anim38_patterns_dat_start
                0x000000000001b040                _binary_resources_boss_battle_anim38_patterns_dat_end
 .data          0x000000000001b040      0x5b0 resources/boss_battle_anim39_colors.o
                0x000000000001b040                _binary_resources_boss_battle_anim39_colors_dat_start
                0x000000000001b5f0                _binary_resources_boss_battle_anim39_colors_dat_end
 .data          0x000000000001b5f0      0x5b0 resources/boss_battle_anim39_patterns.o
                0x000000000001bba0                _binary_resources_boss_battle_anim39_patterns_dat_end
                0x000000000001b5f0                _binary_resources_boss_battle_anim39_patterns_dat_start
 .data          0x000000000001bba0      0x5b0 resources/boss_battle_anim40_colors.o
                0x000000000001c150                _binary_resources_boss_battle_anim40_colors_dat_end
                0x000000000001bba0                _binary_resources_boss_battle_anim40_colors_dat_start
 .data          0x000000000001c150      0x5b0 resources/boss_battle_anim40_patterns.o
                0x000000000001c150                _binary_resources_boss_battle_anim40_patterns_dat_start
                0x000000000001c700                _binary_resources_boss_battle_anim40_patterns_dat_end
 .data          0x000000000001c700      0x5b0 resources/boss_battle_anim41_colors.o
                0x000000000001ccb0                _binary_resources_boss_battle_anim41_colors_dat_end
                0x000000000001c700                _binary_resources_boss_battle_anim41_colors_dat_start
 .data          0x000000000001ccb0      0x5b0 resources/boss_battle_anim41_patterns.o
                0x000000000001ccb0                _binary_resources_boss_battle_anim41_patterns_dat_start
                0x000000000001d260                _binary_resources_boss_battle_anim41_patterns_dat_end
 .data          0x000000000001d260      0x5b0 resources/boss_battle_anim42_colors.o
                0x000000000001d260                _binary_resources_boss_battle_anim42_colors_dat_start
                0x000000000001d810                _binary_resources_boss_battle_anim42_colors_dat_end
 .data          0x000000000001d810      0x5b0 resources/boss_battle_anim42_patterns.o
                0x000000000001d810                _binary_resources_boss_battle_anim42_patterns_dat_start
                0x000000000001ddc0                _binary_resources_boss_battle_anim42_patterns_dat_end
 .data          0x000000000001ddc0      0x5b0 resources/boss_battle_anim43_colors.o
                0x000000000001ddc0                _binary_resources_boss_battle_anim43_colors_dat_start
                0x000000000001e370                _binary_resources_boss_battle_anim43_colors_dat_end
 .data          0x000000000001e370      0x5b0 resources/boss_battle_anim43_patterns.o
                0x000000000001e370                _binary_resources_boss_battle_anim43_patterns_dat_start
                0x000000000001e920                _binary_resources_boss_battle_anim43_patterns_dat_end
 .data          0x000000000001e920     0x1800 resources/boss_battle_colors.o
                0x000000000001e920                _binary_resources_boss_battle_colors_dat_start
                0x0000000000020120                _binary_resources_boss_battle_colors_dat_end
 .data          0x0000000000020120     0x1800 resources/boss_battle_patterns.o
                0x0000000000021920                _binary_resources_boss_battle_patterns_dat_end
                0x0000000000020120                _binary_resources_boss_battle_patterns_dat_start
 .data          0x0000000000021920     0x1800 resources/brooklyn_bldg_colors.o
                0x0000000000023120                _binary_resources_brooklyn_bldg_colors_dat_end
                0x0000000000021920                _binary_resources_brooklyn_bldg_colors_dat_start
 .data          0x0000000000023120     0x1800 resources/brooklyn_bldg_patterns.o
                0x0000000000023120                _binary_resources_brooklyn_bldg_patterns_dat_start
                0x0000000000024920                _binary_resources_brooklyn_bldg_patterns_dat_end
 .data          0x0000000000024920       0xc8 resources/building_1_colors.o
                0x0000000000024920                _binary_resources_building_1_colors_dat_start
                0x00000000000249e8                _binary_resources_building_1_colors_dat_end
 .data          0x00000000000249e8       0xc8 resources/building_1_magenta.o
                0x0000000000024ab0                _binary_resources_building_1_magenta_dat_end
                0x00000000000249e8                _binary_resources_building_1_magenta_dat_start
 .data          0x0000000000024ab0       0xc8 resources/building_1_patterns.o
                0x0000000000024b78                _binary_resources_building_1_patterns_dat_end
                0x0000000000024ab0                _binary_resources_building_1_patterns_dat_start
 .data          0x0000000000024b78       0xc8 resources/building_1_red.o
                0x0000000000024c40                _binary_resources_building_1_red_dat_end
                0x0000000000024b78                _binary_resources_building_1_red_dat_start
 .data          0x0000000000024c40       0xc8 resources/building_1_white.o
                0x0000000000024c40                _binary_resources_building_1_white_dat_start
                0x0000000000024d08                _binary_resources_building_1_white_dat_end
 .data          0x0000000000024d08       0xc8 resources/building_2_colors.o
                0x0000000000024dd0                _binary_resources_building_2_colors_dat_end
                0x0000000000024d08                _binary_resources_building_2_colors_dat_start
 .data          0x0000000000024dd0       0xc8 resources/building_2_magenta.o
                0x0000000000024e98                _binary_resources_building_2_magenta_dat_end
                0x0000000000024dd0                _binary_resources_building_2_magenta_dat_start
 .data          0x0000000000024e98       0xc8 resources/building_2_patterns.o
                0x0000000000024e98                _binary_resources_building_2_patterns_dat_start
                0x0000000000024f60                _binary_resources_building_2_patterns_dat_end
 .data          0x0000000000024f60       0xc8 resources/building_2_red.o
                0x0000000000025028                _binary_resources_building_2_red_dat_end
                0x0000000000024f60                _binary_resources_building_2_red_dat_start
 .data          0x0000000000025028       0xc8 resources/building_2_white.o
                0x0000000000025028                _binary_resources_building_2_white_dat_start
                0x00000000000250f0                _binary_resources_building_2_white_dat_end
 .data          0x00000000000250f0       0xc8 resources/building_3_colors.o
                0x00000000000251b8                _binary_resources_building_3_colors_dat_end
                0x00000000000250f0                _binary_resources_building_3_colors_dat_start
 .data          0x00000000000251b8       0xc8 resources/building_3_magenta.o
                0x00000000000251b8                _binary_resources_building_3_magenta_dat_start
                0x0000000000025280                _binary_resources_building_3_magenta_dat_end
 .data          0x0000000000025280       0xc8 resources/building_3_patterns.o
                0x0000000000025280                _binary_resources_building_3_patterns_dat_start
                0x0000000000025348                _binary_resources_building_3_patterns_dat_end
 .data          0x0000000000025348       0xc8 resources/building_3_red.o
                0x0000000000025410                _binary_resources_building_3_red_dat_end
                0x0000000000025348                _binary_resources_building_3_red_dat_start
 .data          0x0000000000025410       0xc8 resources/building_3_white.o
                0x0000000000025410                _binary_resources_building_3_white_dat_start
                0x00000000000254d8                _binary_resources_building_3_white_dat_end
 .data          0x00000000000254d8       0xc8 resources/building_4_colors.o
                0x00000000000254d8                _binary_resources_building_4_colors_dat_start
                0x00000000000255a0                _binary_resources_building_4_colors_dat_end
 .data          0x00000000000255a0       0xc8 resources/building_4_magenta.o
                0x0000000000025668                _binary_resources_building_4_magenta_dat_end
                0x00000000000255a0                _binary_resources_building_4_magenta_dat_start
 .data          0x0000000000025668       0xc8 resources/building_4_patterns.o
                0x0000000000025668                _binary_resources_building_4_patterns_dat_start
                0x0000000000025730                _binary_resources_building_4_patterns_dat_end
 .data          0x0000000000025730       0xc8 resources/building_4_red.o
                0x0000000000025730                _binary_resources_building_4_red_dat_start
                0x00000000000257f8                _binary_resources_building_4_red_dat_end
 .data          0x00000000000257f8       0xc8 resources/building_4_white.o
                0x00000000000258c0                _binary_resources_building_4_white_dat_end
                0x00000000000257f8                _binary_resources_building_4_white_dat_start
 .data          0x00000000000258c0       0xc8 resources/building_5_colors.o
                0x00000000000258c0                _binary_resources_building_5_colors_dat_start
                0x0000000000025988                _binary_resources_building_5_colors_dat_end
 .data          0x0000000000025988       0xc8 resources/building_5_magenta.o
                0x0000000000025a50                _binary_resources_building_5_magenta_dat_end
                0x0000000000025988                _binary_resources_building_5_magenta_dat_start
 .data          0x0000000000025a50       0xc8 resources/building_5_patterns.o
                0x0000000000025a50                _binary_resources_building_5_patterns_dat_start
                0x0000000000025b18                _binary_resources_building_5_patterns_dat_end
 .data          0x0000000000025b18       0xc8 resources/building_5_red.o
                0x0000000000025be0                _binary_resources_building_5_red_dat_end
                0x0000000000025b18                _binary_resources_building_5_red_dat_start
 .data          0x0000000000025be0       0xc8 resources/building_5_white.o
                0x0000000000025ca8                _binary_resources_building_5_white_dat_end
                0x0000000000025be0                _binary_resources_building_5_white_dat_start
 .data          0x0000000000025ca8       0x28 resources/building_6_colors.o
                0x0000000000025cd0                _binary_resources_building_6_colors_dat_end
                0x0000000000025ca8                _binary_resources_building_6_colors_dat_start
 .data          0x0000000000025cd0       0x28 resources/building_6_magenta.o
                0x0000000000025cf8                _binary_resources_building_6_magenta_dat_end
                0x0000000000025cd0                _binary_resources_building_6_magenta_dat_start
 .data          0x0000000000025cf8       0x28 resources/building_6_patterns.o
                0x0000000000025d20                _binary_resources_building_6_patterns_dat_end
                0x0000000000025cf8                _binary_resources_building_6_patterns_dat_start
 .data          0x0000000000025d20       0x28 resources/building_6_red.o
                0x0000000000025d20                _binary_resources_building_6_red_dat_start
                0x0000000000025d48                _binary_resources_building_6_red_dat_end
 .data          0x0000000000025d48       0x28 resources/building_6_white.o
                0x0000000000025d48                _binary_resources_building_6_white_dat_start
                0x0000000000025d70                _binary_resources_building_6_white_dat_end
 .data          0x0000000000025d70       0x28 resources/building_7_colors.o
                0x0000000000025d70                _binary_resources_building_7_colors_dat_start
                0x0000000000025d98                _binary_resources_building_7_colors_dat_end
 .data          0x0000000000025d98       0x28 resources/building_7_magenta.o
                0x0000000000025dc0                _binary_resources_building_7_magenta_dat_end
                0x0000000000025d98                _binary_resources_building_7_magenta_dat_start
 .data          0x0000000000025dc0       0x28 resources/building_7_patterns.o
                0x0000000000025dc0                _binary_resources_building_7_patterns_dat_start
                0x0000000000025de8                _binary_resources_building_7_patterns_dat_end
 .data          0x0000000000025de8       0x28 resources/building_7_red.o
                0x0000000000025e10                _binary_resources_building_7_red_dat_end
                0x0000000000025de8                _binary_resources_building_7_red_dat_start
 .data          0x0000000000025e10       0x28 resources/building_7_white.o
                0x0000000000025e10                _binary_resources_building_7_white_dat_start
                0x0000000000025e38                _binary_resources_building_7_white_dat_end
 .data          0x0000000000025e38       0x28 resources/building_8_colors.o
                0x0000000000025e60                _binary_resources_building_8_colors_dat_end
                0x0000000000025e38                _binary_resources_building_8_colors_dat_start
 .data          0x0000000000025e60       0x28 resources/building_8_magenta.o
                0x0000000000025e88                _binary_resources_building_8_magenta_dat_end
                0x0000000000025e60                _binary_resources_building_8_magenta_dat_start
 .data          0x0000000000025e88       0x28 resources/building_8_patterns.o
                0x0000000000025eb0                _binary_resources_building_8_patterns_dat_end
                0x0000000000025e88                _binary_resources_building_8_patterns_dat_start
 .data          0x0000000000025eb0       0x28 resources/building_8_red.o
                0x0000000000025ed8                _binary_resources_building_8_red_dat_end
                0x0000000000025eb0                _binary_resources_building_8_red_dat_start
 .data          0x0000000000025ed8       0x28 resources/building_8_white.o
                0x0000000000025f00                _binary_resources_building_8_white_dat_end
                0x0000000000025ed8                _binary_resources_building_8_white_dat_start
 .data          0x0000000000025f00       0xc8 resources/destroyed_building_colors.o
                0x0000000000025fc8                _binary_resources_destroyed_building_colors_dat_end
                0x0000000000025f00                _binary_resources_destroyed_building_colors_dat_start
 .data          0x0000000000025fc8       0xc8 resources/destroyed_building_patterns.o
                0x0000000000025fc8                _binary_resources_destroyed_building_patterns_dat_start
                0x0000000000026090                _binary_resources_destroyed_building_patterns_dat_end
 .data          0x0000000000026090       0x10 resources/drive_colors.o
                0x0000000000026090                _binary_resources_drive_colors_dat_start
                0x00000000000260a0                _binary_resources_drive_colors_dat_end
 .data          0x00000000000260a0      0x600 resources/drive_nametable.o
                0x00000000000266a0                _binary_resources_drive_nametable_dat_end
                0x00000000000260a0                _binary_resources_drive_nametable_dat_start
 .data          0x00000000000266a0      0x400 resources/drive_patt0.o
                0x00000000000266a0                _binary_resources_drive_patt0_dat_start
                0x0000000000026aa0                _binary_resources_drive_patt0_dat_end
 .data          0x0000000000026aa0      0x400 resources/drive_patt1.o
                0x0000000000026aa0                _binary_resources_drive_patt1_dat_start
                0x0000000000026ea0                _binary_resources_drive_patt1_dat_end
 .data          0x0000000000026ea0      0x400 resources/drive_patt2.o
                0x00000000000272a0                _binary_resources_drive_patt2_dat_end
                0x0000000000026ea0                _binary_resources_drive_patt2_dat_start
 .data          0x00000000000272a0      0x400 resources/drive_patt3.o
                0x00000000000272a0                _binary_resources_drive_patt3_dat_start
                0x00000000000276a0                _binary_resources_drive_patt3_dat_end
 .data          0x00000000000276a0      0x400 resources/drive_patt4.o
                0x00000000000276a0                _binary_resources_drive_patt4_dat_start
                0x0000000000027aa0                _binary_resources_drive_patt4_dat_end
 .data          0x0000000000027aa0      0x400 resources/drive_patt5.o
                0x0000000000027ea0                _binary_resources_drive_patt5_dat_end
                0x0000000000027aa0                _binary_resources_drive_patt5_dat_start
 .data          0x0000000000027ea0      0x400 resources/drive_patt6.o
                0x0000000000027ea0                _binary_resources_drive_patt6_dat_start
                0x00000000000282a0                _binary_resources_drive_patt6_dat_end
 .data          0x00000000000282a0      0x400 resources/drive_patt7.o
                0x00000000000286a0                _binary_resources_drive_patt7_dat_end
                0x00000000000282a0                _binary_resources_drive_patt7_dat_start
 .data          0x00000000000286a0      0x2e0 resources/drive_sprites.o
                0x0000000000028980                _binary_resources_drive_sprites_dat_end
                0x00000000000286a0                _binary_resources_drive_sprites_dat_start
 .data          0x0000000000028980      0x2f8 resources/font.o
                0x0000000000028c78                _binary_resources_font_dat_end
                0x0000000000028980                _binary_resources_font_dat_start
 .data          0x0000000000028c78     0x1800 resources/gbhq_bldg_colors.o
                0x0000000000028c78                _binary_resources_gbhq_bldg_colors_dat_start
                0x000000000002a478                _binary_resources_gbhq_bldg_colors_dat_end
 .data          0x000000000002a478     0x1800 resources/gbhq_bldg_patterns.o
                0x000000000002a478                _binary_resources_gbhq_bldg_patterns_dat_start
                0x000000000002bc78                _binary_resources_gbhq_bldg_patterns_dat_end
 .data          0x000000000002bc78     0x1800 resources/house_bldg_colors.o
                0x000000000002d478                _binary_resources_house_bldg_colors_dat_end
                0x000000000002bc78                _binary_resources_house_bldg_colors_dat_start
 .data          0x000000000002d478     0x1800 resources/house_bldg_patterns.o
                0x000000000002d478                _binary_resources_house_bldg_patterns_dat_start
                0x000000000002ec78                _binary_resources_house_bldg_patterns_dat_end
 .data          0x000000000002ec78       0xa6 resources/introscroll.o
                0x000000000002ec78                _binary_resources_introscroll_dat_start
                0x000000000002ed1e                _binary_resources_introscroll_dat_end
 .data          0x000000000002ed1e     0x1800 resources/lost_img_colors.o
                0x000000000002ed1e                _binary_resources_lost_img_colors_dat_start
                0x000000000003051e                _binary_resources_lost_img_colors_dat_end
 .data          0x000000000003051e     0x1800 resources/lost_img_patterns.o
                0x000000000003051e                _binary_resources_lost_img_patterns_dat_start
                0x0000000000031d1e                _binary_resources_lost_img_patterns_dat_end
 .data          0x0000000000031d1e      0x4ff resources/lyrics.o
                0x0000000000031d1e                _binary_resources_lyrics_dat_start
                0x000000000003221d                _binary_resources_lyrics_dat_end
 .data          0x000000000003221d      0x6d0 resources/main_sprites.o
                0x000000000003221d                _binary_resources_main_sprites_dat_start
                0x00000000000328ed                _binary_resources_main_sprites_dat_end
 .data          0x00000000000328ed      0x2ee resources/maintheme.o
                0x0000000000032bdb                _binary_resources_maintheme_dat_end
                0x00000000000328ed                _binary_resources_maintheme_dat_start
 .data          0x0000000000032bdb     0x1800 resources/map_colors.o
                0x0000000000032bdb                _binary_resources_map_colors_dat_start
                0x00000000000343db                _binary_resources_map_colors_dat_end
 .data          0x00000000000343db     0x1800 resources/map_patterns.o
                0x0000000000035bdb                _binary_resources_map_patterns_dat_end
                0x00000000000343db                _binary_resources_map_patterns_dat_start
 .data          0x0000000000035bdb     0x1800 resources/office_bldg_colors.o
                0x00000000000373db                _binary_resources_office_bldg_colors_dat_end
                0x0000000000035bdb                _binary_resources_office_bldg_colors_dat_start
 .data          0x00000000000373db     0x1800 resources/office_bldg_patterns.o
                0x00000000000373db                _binary_resources_office_bldg_patterns_dat_start
                0x0000000000038bdb                _binary_resources_office_bldg_patterns_dat_end
 .data          0x0000000000038bdb     0x1800 resources/sedgewick_bldg_colors.o
                0x000000000003a3db                _binary_resources_sedgewick_bldg_colors_dat_end
                0x0000000000038bdb                _binary_resources_sedgewick_bldg_colors_dat_start
 .data          0x000000000003a3db     0x1800 resources/sedgewick_bldg_patterns.o
                0x000000000003bbdb                _binary_resources_sedgewick_bldg_patterns_dat_end
                0x000000000003a3db                _binary_resources_sedgewick_bldg_patterns_dat_start
 .data          0x000000000003bbdb     0x4737 resources/shout.o
                0x0000000000040312                _binary_resources_shout_dat_end
                0x000000000003bbdb                _binary_resources_shout_dat_start
 .data          0x0000000000040312     0x3da0 resources/slimed.o
                0x0000000000040312                _binary_resources_slimed_dat_start
                0x00000000000440b2                _binary_resources_slimed_dat_end
 .data          0x00000000000440b2     0x1800 resources/suburban_bldg_colors.o
                0x00000000000440b2                _binary_resources_suburban_bldg_colors_dat_start
                0x00000000000458b2                _binary_resources_suburban_bldg_colors_dat_end
 .data          0x00000000000458b2     0x1800 resources/suburban_bldg_patterns.o
                0x00000000000458b2                _binary_resources_suburban_bldg_patterns_dat_start
                0x00000000000470b2                _binary_resources_suburban_bldg_patterns_dat_end
 .data          0x00000000000470b2     0x248a resources/themesong.o
                0x000000000004953c                _binary_resources_themesong_dat_end
                0x00000000000470b2                _binary_resources_themesong_dat_start
 .data          0x000000000004953c     0x1800 resources/title_colors.o
                0x000000000004ad3c                _binary_resources_title_colors_dat_end
                0x000000000004953c                _binary_resources_title_colors_dat_start
 .data          0x000000000004ad3c     0x1800 resources/title_patterns.o
                0x000000000004ad3c                _binary_resources_title_patterns_dat_start
                0x000000000004c53c                _binary_resources_title_patterns_dat_end
 .data          0x000000000004c53c       0x80 resources/title_sprite_attributes.o
                0x000000000004c5bc                _binary_resources_title_sprite_attributes_dat_end
                0x000000000004c53c                _binary_resources_title_sprite_attributes_dat_start
 .data          0x000000000004c5bc      0x200 resources/title_sprite_patterns.o
                0x000000000004c5bc                _binary_resources_title_sprite_patterns_dat_start
                0x000000000004c7bc                _binary_resources_title_sprite_patterns_dat_end
 .data          0x000000000004c7bc     0x1800 resources/won_img_colors.o
                0x000000000004dfbc                _binary_resources_won_img_colors_dat_end
                0x000000000004c7bc                _binary_resources_won_img_colors_dat_start
 .data          0x000000000004dfbc     0x1800 resources/won_img_patterns.o
                0x000000000004f7bc                _binary_resources_won_img_patterns_dat_end
                0x000000000004dfbc                _binary_resources_won_img_patterns_dat_start

.bss            0x000000000000a274     0x48f6 load address 0x000000000007a000
                0x000000000000a274                _bss = .
 persistent/*.a:*(.bss)
 .bss           0x000000000000a274        0x0 persistent/libtivgm2.a(CPlayerTISfx.o)
 .bss           0x000000000000a274        0x0 persistent/libtivgm2.a(CPlayerTIHandEdit.o)
 .bss           0x000000000000a274        0x0 persistent/libtivgm2.a(CPlayerTIHandlers.o)
 .bss           0x000000000000a274        0x0 persistent/libtivgm2.a(CPlayerTISfxHandlers.o)
 .bss           0x000000000000a274        0x0 persistent/libtivgm2.a(CPlayerCommonHandEdit.o)
 persistent/*.o(.bss)
 .bss           0x000000000000a274        0x2 persistent/game_common.o
 .bss           0x000000000000a276        0x0 persistent/input.o
 .bss           0x000000000000a276        0x0 persistent/resource_copy.o
 .bss           0x000000000000a276        0x2 persistent/rnd.o
                0x000000000000a276                next_rnd
 .bss           0x000000000000a278        0x0 persistent/sample_playback.o
 .bss           0x000000000000a278        0x0 persistent/trampolines.o
 .bss           0x000000000000a278        0x2 persistent/vdp.o
                0x000000000000a278                gSaveIntCnt
 .bss           0x000000000000a27a        0x0 persistent/utils.o
 bank0/*.o(.bss)
 .bss           0x000000000000a27a        0x0 bank0/cart_header.o
 .bss           0x000000000000a27a        0x0 bank0/crt0.o
 .bss           0x000000000000a27a     0x471c bank0/globals.o
                0x000000000000a27a                f18adetected
                0x000000000000c9aa                map
                0x000000000000a28a                scroll_len
                0x000000000000a280                num_sprites
                0x000000000000a27e                vblank_counter
                0x000000000000c81c                player
                0x000000000000a28c                scroll_msg
                0x000000000000c914                game
                0x000000000000a286                disp_pk
                0x000000000000c824                buildings
                0x000000000000e992                backscreen
                0x000000000000a284                distance
                0x000000000000a282                do_flip
                0x000000000000a28e                levelsounds
                0x000000000000a27c                currentbank
                0x000000000000c71c                sprite_attribute_list
                0x000000000000e994                gameover
                0x000000000000e98a                backbuffer_sit
                0x000000000000c93a                roamers
                0x000000000000e98e                startrow
                0x000000000000e990                startcol
                0x000000000000a288                scroll_pos
                0x000000000000e98c                backbuffer_counter
 .bss           0x000000000000e996        0x0 bank0/main.o
 bank1/*.o(.bss)
 .bss           0x000000000000e996        0x0 bank1/cart_header.o
 .bss           0x000000000000e996       0x42 bank1/catch.o
                0x000000000000e9d6                tempy
                0x000000000000e9ba                ghost
                0x000000000000e998                sample_played
                0x000000000000e99a                men
                0x000000000000e9cc                catch_x
                0x000000000000e9c4                trap_x
                0x000000000000e9ca                catch_yv
                0x000000000000e9d0                dx
                0x000000000000e996                ghost_caught
                0x000000000000e9d2                dy
                0x000000000000e9d4                tempx
                0x000000000000e9c8                catch_xv
                0x000000000000e9ce                catch_y
                0x000000000000e9c6                trap_y
 .bss           0x000000000000e9d8        0x0 bank1/show_image.o
 .bss           0x000000000000e9d8        0x0 bank1/title.o
 bank2/*.o(.bss)
 .bss           0x000000000000e9d8        0x0 bank2/cart_header.o
 .bss           0x000000000000e9d8        0x0 bank2/drive.o
 bank3/*.o(.bss)
 .bss           0x000000000000e9d8        0x0 bank3/cart_header.o
 .bss           0x000000000000e9d8        0x2 bank3/boss_battle.o
 .bss           0x000000000000e9da      0x190 bank3/map.o
                0x000000000000eaa2                destroyed_building_color
                0x000000000000e9da                destroyed_building_patt
                0x000000000000eb6a                _bss_end = .
 .bss           0x000000000000eb6a        0x0 bank4/cart_header.o
 .bss           0x000000000000eb6a        0x0 bankx/cart_header.o
 .bss           0x000000000000eb6a        0x0 scratchpad/vdpmemcpy_16.o
 .bss           0x000000000000eb6a        0x0 scratchpad/vdpmemcpy_line.o

.fill           0x0000000000081fff        0x1
                0x0000000000081fff        0x1 BYTE 0x0

.headerend      0x0000000000004000       0x26 load address 0x0000000000082000
 bankx/cart_header.o(.text)
 .text          0x0000000000004000       0x26 bankx/cart_header.o

.fill2          0x0000000000083fff        0x1
                0x0000000000083fff        0x1 BYTE 0x0
LOAD bank0/crt0.o
LOAD bank0/globals.o
LOAD bank0/main.o
LOAD bank1/catch.o
LOAD bank1/show_image.o
LOAD bank1/title.o
LOAD bank2/drive.o
LOAD bank3/boss_battle.o
LOAD bank3/map.o
LOAD bank0/cart_header.o
LOAD bank1/cart_header.o
LOAD bank2/cart_header.o
LOAD bank3/cart_header.o
LOAD bank4/cart_header.o
LOAD bankx/cart_header.o
LOAD scratchpad/vdpmemcpy_16.o
LOAD scratchpad/vdpmemcpy_line.o
LOAD persistent/game_common.o
LOAD persistent/input.o
LOAD persistent/resource_copy.o
LOAD persistent/rnd.o
LOAD persistent/sample_playback.o
LOAD persistent/trampolines.o
LOAD persistent/vdp.o
LOAD persistent/utils.o
LOAD resources/boss_battle_anim01_colors.o
LOAD resources/boss_battle_anim01_patterns.o
LOAD resources/boss_battle_anim02_colors.o
LOAD resources/boss_battle_anim02_patterns.o
LOAD resources/boss_battle_anim03_colors.o
LOAD resources/boss_battle_anim03_patterns.o
LOAD resources/boss_battle_anim04_colors.o
LOAD resources/boss_battle_anim04_patterns.o
LOAD resources/boss_battle_anim05_colors.o
LOAD resources/boss_battle_anim05_patterns.o
LOAD resources/boss_battle_anim06_colors.o
LOAD resources/boss_battle_anim06_patterns.o
LOAD resources/boss_battle_anim07_colors.o
LOAD resources/boss_battle_anim07_patterns.o
LOAD resources/boss_battle_anim08_colors.o
LOAD resources/boss_battle_anim08_patterns.o
LOAD resources/boss_battle_anim09_colors.o
LOAD resources/boss_battle_anim09_patterns.o
LOAD resources/boss_battle_anim10_colors.o
LOAD resources/boss_battle_anim10_patterns.o
LOAD resources/boss_battle_anim11_colors.o
LOAD resources/boss_battle_anim11_patterns.o
LOAD resources/boss_battle_anim12_colors.o
LOAD resources/boss_battle_anim12_patterns.o
LOAD resources/boss_battle_anim13_colors.o
LOAD resources/boss_battle_anim13_patterns.o
LOAD resources/boss_battle_anim14_colors.o
LOAD resources/boss_battle_anim14_patterns.o
LOAD resources/boss_battle_anim15_colors.o
LOAD resources/boss_battle_anim15_patterns.o
LOAD resources/boss_battle_anim16_colors.o
LOAD resources/boss_battle_anim16_patterns.o
LOAD resources/boss_battle_anim17_colors.o
LOAD resources/boss_battle_anim17_patterns.o
LOAD resources/boss_battle_anim18_colors.o
LOAD resources/boss_battle_anim18_patterns.o
LOAD resources/boss_battle_anim19_colors.o
LOAD resources/boss_battle_anim19_patterns.o
LOAD resources/boss_battle_anim20_colors.o
LOAD resources/boss_battle_anim20_patterns.o
LOAD resources/boss_battle_anim21_colors.o
LOAD resources/boss_battle_anim21_patterns.o
LOAD resources/boss_battle_anim22_colors.o
LOAD resources/boss_battle_anim22_patterns.o
LOAD resources/boss_battle_anim23_colors.o
LOAD resources/boss_battle_anim23_patterns.o
LOAD resources/boss_battle_anim24_colors.o
LOAD resources/boss_battle_anim24_patterns.o
LOAD resources/boss_battle_anim25_colors.o
LOAD resources/boss_battle_anim25_patterns.o
LOAD resources/boss_battle_anim26_colors.o
LOAD resources/boss_battle_anim26_patterns.o
LOAD resources/boss_battle_anim27_colors.o
LOAD resources/boss_battle_anim27_patterns.o
LOAD resources/boss_battle_anim28_colors.o
LOAD resources/boss_battle_anim28_patterns.o
LOAD resources/boss_battle_anim29_colors.o
LOAD resources/boss_battle_anim29_patterns.o
LOAD resources/boss_battle_anim30_colors.o
LOAD resources/boss_battle_anim30_patterns.o
LOAD resources/boss_battle_anim31_colors.o
LOAD resources/boss_battle_anim31_patterns.o
LOAD resources/boss_battle_anim32_colors.o
LOAD resources/boss_battle_anim32_patterns.o
LOAD resources/boss_battle_anim33_colors.o
LOAD resources/boss_battle_anim33_patterns.o
LOAD resources/boss_battle_anim34_colors.o
LOAD resources/boss_battle_anim34_patterns.o
LOAD resources/boss_battle_anim35_colors.o
LOAD resources/boss_battle_anim35_patterns.o
LOAD resources/boss_battle_anim36_colors.o
LOAD resources/boss_battle_anim36_patterns.o
LOAD resources/boss_battle_anim37_colors.o
LOAD resources/boss_battle_anim37_patterns.o
LOAD resources/boss_battle_anim38_colors.o
LOAD resources/boss_battle_anim38_patterns.o
LOAD resources/boss_battle_anim39_colors.o
LOAD resources/boss_battle_anim39_patterns.o
LOAD resources/boss_battle_anim40_colors.o
LOAD resources/boss_battle_anim40_patterns.o
LOAD resources/boss_battle_anim41_colors.o
LOAD resources/boss_battle_anim41_patterns.o
LOAD resources/boss_battle_anim42_colors.o
LOAD resources/boss_battle_anim42_patterns.o
LOAD resources/boss_battle_anim43_colors.o
LOAD resources/boss_battle_anim43_patterns.o
LOAD resources/boss_battle_colors.o
LOAD resources/boss_battle_patterns.o
LOAD resources/brooklyn_bldg_colors.o
LOAD resources/brooklyn_bldg_patterns.o
LOAD resources/building_1_colors.o
LOAD resources/building_1_magenta.o
LOAD resources/building_1_patterns.o
LOAD resources/building_1_red.o
LOAD resources/building_1_white.o
LOAD resources/building_2_colors.o
LOAD resources/building_2_magenta.o
LOAD resources/building_2_patterns.o
LOAD resources/building_2_red.o
LOAD resources/building_2_white.o
LOAD resources/building_3_colors.o
LOAD resources/building_3_magenta.o
LOAD resources/building_3_patterns.o
LOAD resources/building_3_red.o
LOAD resources/building_3_white.o
LOAD resources/building_4_colors.o
LOAD resources/building_4_magenta.o
LOAD resources/building_4_patterns.o
LOAD resources/building_4_red.o
LOAD resources/building_4_white.o
LOAD resources/building_5_colors.o
LOAD resources/building_5_magenta.o
LOAD resources/building_5_patterns.o
LOAD resources/building_5_red.o
LOAD resources/building_5_white.o
LOAD resources/building_6_colors.o
LOAD resources/building_6_magenta.o
LOAD resources/building_6_patterns.o
LOAD resources/building_6_red.o
LOAD resources/building_6_white.o
LOAD resources/building_7_colors.o
LOAD resources/building_7_magenta.o
LOAD resources/building_7_patterns.o
LOAD resources/building_7_red.o
LOAD resources/building_7_white.o
LOAD resources/building_8_colors.o
LOAD resources/building_8_magenta.o
LOAD resources/building_8_patterns.o
LOAD resources/building_8_red.o
LOAD resources/building_8_white.o
LOAD resources/destroyed_building_colors.o
LOAD resources/destroyed_building_patterns.o
LOAD resources/drive_colors.o
LOAD resources/drive_nametable.o
LOAD resources/drive_patt0.o
LOAD resources/drive_patt1.o
LOAD resources/drive_patt2.o
LOAD resources/drive_patt3.o
LOAD resources/drive_patt4.o
LOAD resources/drive_patt5.o
LOAD resources/drive_patt6.o
LOAD resources/drive_patt7.o
LOAD resources/drive_sprites.o
LOAD resources/font.o
LOAD resources/gbhq_bldg_colors.o
LOAD resources/gbhq_bldg_patterns.o
LOAD resources/house_bldg_colors.o
LOAD resources/house_bldg_patterns.o
LOAD resources/introscroll.o
LOAD resources/lost_img_colors.o
LOAD resources/lost_img_patterns.o
LOAD resources/lyrics.o
LOAD resources/main_sprites.o
LOAD resources/maintheme.o
LOAD resources/map_colors.o
LOAD resources/map_patterns.o
LOAD resources/office_bldg_colors.o
LOAD resources/office_bldg_patterns.o
LOAD resources/sedgewick_bldg_colors.o
LOAD resources/sedgewick_bldg_patterns.o
LOAD resources/shout.o
LOAD resources/slimed.o
LOAD resources/suburban_bldg_colors.o
LOAD resources/suburban_bldg_patterns.o
LOAD resources/themesong.o
LOAD resources/title_colors.o
LOAD resources/title_patterns.o
LOAD resources/title_sprite_attributes.o
LOAD resources/title_sprite_patterns.o
LOAD resources/won_img_colors.o
LOAD resources/won_img_patterns.o
LOAD persistent/libtivgm2.a
OUTPUT(ghostbusters.bin binary)
